// Jest Snapshot v1, https://goo.gl/fbAQLP

exports[`<NavItem/> test suite matches snapshot 1`] = `
<a
  aria-current="page"
  className="navItem navItem__active"
  href="/"
  onClick={[Function]}
  style={
    Object {
      "width": "50px",
    }
  }
>
  test
</a>
`;
