// Jest Snapshot v1, https://goo.gl/fbAQLP

exports[`RenderMenu test suite matches snapshot 1`] = `
<div
  className="navigation"
>
  <a
    aria-current={null}
    className="navItem"
    href="/dashboard"
    onClick={[Function]}
    style={
      Object {
        "width": 167.33333333333334,
      }
    }
  >
    <svg
      aria-hidden="true"
      className="MuiSvgIcon-root"
      focusable="false"
      role="presentation"
      viewBox="0 0 24 24"
    >
      <path
        d="M10 20v-6h4v6h5v-8h3L12 3 2 12h3v8z"
      />
    </svg>
    Dashboard
  </a>
  <a
    aria-current={null}
    className="navItem"
    href="/products"
    onClick={[Function]}
    style={
      Object {
        "width": 167.33333333333334,
      }
    }
  >
    <svg
      aria-hidden="true"
      className="MuiSvgIcon-root"
      focusable="false"
      role="presentation"
      viewBox="0 0 24 24"
    >
      <path
        d="M20 3H4v10c0 2.21 1.79 4 4 4h6c2.21 0 4-1.79 4-4v-3h2c1.11 0 2-.9 2-2V5c0-1.11-.89-2-2-2zm0 5h-2V5h2v3zM4 19h16v2H4z"
      />
    </svg>
    Products
  </a>
  <a
    aria-current={null}
    className="navItem"
    href="/productTypes"
    onClick={[Function]}
    style={
      Object {
        "width": 167.33333333333334,
      }
    }
  >
    <svg
      aria-hidden="true"
      className="MuiSvgIcon-root"
      focusable="false"
      role="presentation"
      viewBox="0 0 24 24"
    >
      <path
        d="M21 5c-1.11-.35-2.33-.5-3.5-.5-1.95 0-4.05.4-5.5 1.5-1.45-1.1-3.55-1.5-5.5-1.5S2.45 4.9 1 6v14.65c0 .25.25.5.5.5.1 0 .15-.05.25-.05C3.1 20.45 5.05 20 6.5 20c1.95 0 4.05.4 5.5 1.5 1.35-.85 3.8-1.5 5.5-1.5 1.65 0 3.35.3 4.75 1.05.1.05.15.05.25.05.25 0 .5-.25.5-.5V6c-.6-.45-1.25-.75-2-1zm0 13.5c-1.1-.35-2.3-.5-3.5-.5-1.7 0-4.15.65-5.5 1.5V8c1.35-.85 3.8-1.5 5.5-1.5 1.2 0 2.4.15 3.5.5v11.5z"
      />
      <path
        d="M17.5 10.5c.88 0 1.73.09 2.5.26V9.24c-.79-.15-1.64-.24-2.5-.24-1.7 0-3.24.29-4.5.83v1.66c1.13-.64 2.7-.99 4.5-.99zM13 12.49v1.66c1.13-.64 2.7-.99 4.5-.99.88 0 1.73.09 2.5.26V11.9c-.79-.15-1.64-.24-2.5-.24-1.7 0-3.24.3-4.5.83zM17.5 14.33c-1.7 0-3.24.29-4.5.83v1.66c1.13-.64 2.7-.99 4.5-.99.88 0 1.73.09 2.5.26v-1.52c-.79-.16-1.64-.24-2.5-.24z"
      />
    </svg>
    Product Types
  </a>
  <a
    aria-current={null}
    className="navItem"
    href="/locations"
    onClick={[Function]}
    style={
      Object {
        "width": 167.33333333333334,
      }
    }
  >
    <svg
      aria-hidden="true"
      className="MuiSvgIcon-root"
      focusable="false"
      role="presentation"
      viewBox="0 0 24 24"
    >
      <path
        d="M15 11V5l-3-3-3 3v2H3v14h18V11h-6zm-8 8H5v-2h2v2zm0-4H5v-2h2v2zm0-4H5V9h2v2zm6 8h-2v-2h2v2zm0-4h-2v-2h2v2zm0-4h-2V9h2v2zm0-4h-2V5h2v2zm6 12h-2v-2h2v2zm0-4h-2v-2h2v2z"
      />
    </svg>
    Locations
  </a>
  <a
    aria-current={null}
    className="navItem"
    href="/staff"
    onClick={[Function]}
    style={
      Object {
        "width": 167.33333333333334,
      }
    }
  >
    <svg
      aria-hidden="true"
      className="MuiSvgIcon-root"
      focusable="false"
      role="presentation"
      viewBox="0 0 24 24"
    >
      <path
        d="M16 11c1.66 0 2.99-1.34 2.99-3S17.66 5 16 5c-1.66 0-3 1.34-3 3s1.34 3 3 3zm-8 0c1.66 0 2.99-1.34 2.99-3S9.66 5 8 5C6.34 5 5 6.34 5 8s1.34 3 3 3zm0 2c-2.33 0-7 1.17-7 3.5V19h14v-2.5c0-2.33-4.67-3.5-7-3.5zm8 0c-.29 0-.62.02-.97.05 1.16.84 1.97 1.97 1.97 3.45V19h6v-2.5c0-2.33-4.67-3.5-7-3.5z"
      />
    </svg>
    Staff
  </a>
  <a
    aria-current={null}
    className="navItem"
    href="/test"
    onClick={[Function]}
    style={
      Object {
        "width": 167.33333333333334,
      }
    }
  >
    Staff
  </a>
</div>
`;
