// Jest Snapshot v1, https://goo.gl/fbAQLP

exports[`<LocationManagementContainer/> test suite matches snapshot 1`] = `
<div>
  <div>
    <h1
      className="title_h1 title__center"
    >
      Locations Management
    </h1>
  </div>
  <div
    className="container"
  >
    <div
      className="blur__normal"
    >
      <div
        className="form"
      >
        <div>
          <h3
            className="title_h3 "
          >
            Create new record
          </h3>
        </div>
        <form
          onSubmit={[Function]}
        >
          <div
            className="form__buttonSpacing_large"
          >
            <button
              className="button button__submit button_full"
              disabled={false}
              style={Object {}}
              type="submit"
            >
              <p>
                Submit
              </p>
              <svg
                aria-hidden="true"
                className="MuiSvgIcon-root"
                focusable="false"
                role="presentation"
                viewBox="0 0 24 24"
              >
                <path
                  d="M5 4v2h14V4H5zm0 10h4v6h6v-6h4l-7-7-7 7z"
                />
              </svg>
            </button>
          </div>
        </form>
        <div
          className="form__buttonSpacing_medium"
        >
          <button
            className="button button__clear button_full"
            disabled={false}
            onClick={[Function]}
            style={Object {}}
          >
            <p>
              Clear
            </p>
            <svg
              aria-hidden="true"
              className="MuiSvgIcon-root"
              focusable="false"
              role="presentation"
              viewBox="0 0 24 24"
            >
              <path
                d="M19 6.41L17.59 5 12 10.59 6.41 5 5 6.41 10.59 12 5 17.59 6.41 19 12 13.41 17.59 19 19 17.59 13.41 12z"
              />
            </svg>
          </button>
        </div>
      </div>
    </div>
  </div>
  <div
    className="tableSpacing"
  >
    <div>
      <div
        className="tableDisplay tableDisplay__odd"
      >
        <div
          className="productTypeRow"
        >
          <div
            className="productTypeRow__title"
          >
            <div>
              <h4
                className="title_h4 "
              >
                home
              </h4>
            </div>
          </div>
          <div
            className="productTypeRow__cellCont"
          >
            <p>
              <span>
                Description
                :
              </span>
            </p>
          </div>
        </div>
        <div
          className="tableDisplay__optionsStyle"
        >
          <button
            className="button button_noStyle"
            disabled={false}
            onClick={[Function]}
            style={Object {}}
          >
            <p />
            <svg
              aria-hidden="true"
              className="MuiSvgIcon-root"
              focusable="false"
              role="presentation"
              viewBox="0 0 24 24"
            >
              <path
                d="M3 17.25V21h3.75L17.81 9.94l-3.75-3.75L3 17.25zM20.71 7.04c.39-.39.39-1.02 0-1.41l-2.34-2.34a.9959.9959 0 00-1.41 0l-1.83 1.83 3.75 3.75 1.83-1.83z"
              />
            </svg>
          </button>
          <button
            className="button button_noStyle"
            disabled={false}
            onClick={[Function]}
            style={Object {}}
          >
            <p />
            <svg
              aria-hidden="true"
              className="MuiSvgIcon-root"
              focusable="false"
              role="presentation"
              viewBox="0 0 24 24"
            >
              <path
                d="M6 10c-1.1 0-2 .9-2 2s.9 2 2 2 2-.9 2-2-.9-2-2-2zm12 0c-1.1 0-2 .9-2 2s.9 2 2 2 2-.9 2-2-.9-2-2-2zm-6 0c-1.1 0-2 .9-2 2s.9 2 2 2 2-.9 2-2-.9-2-2-2z"
              />
            </svg>
          </button>
        </div>
      </div>
      <div
        className="tableDisplay tableDisplay__even"
      >
        <div
          className="productTypeRow"
        >
          <div
            className="productTypeRow__title"
          >
            <div>
              <h4
                className="title_h4 "
              >
                home2
              </h4>
            </div>
          </div>
          <div
            className="productTypeRow__cellCont"
          >
            <p>
              <span>
                Description
                :
              </span>
            </p>
          </div>
        </div>
        <div
          className="tableDisplay__optionsStyle"
        >
          <button
            className="button button_noStyle"
            disabled={false}
            onClick={[Function]}
            style={Object {}}
          >
            <p />
            <svg
              aria-hidden="true"
              className="MuiSvgIcon-root"
              focusable="false"
              role="presentation"
              viewBox="0 0 24 24"
            >
              <path
                d="M3 17.25V21h3.75L17.81 9.94l-3.75-3.75L3 17.25zM20.71 7.04c.39-.39.39-1.02 0-1.41l-2.34-2.34a.9959.9959 0 00-1.41 0l-1.83 1.83 3.75 3.75 1.83-1.83z"
              />
            </svg>
          </button>
          <button
            className="button button_noStyle"
            disabled={false}
            onClick={[Function]}
            style={Object {}}
          >
            <p />
            <svg
              aria-hidden="true"
              className="MuiSvgIcon-root"
              focusable="false"
              role="presentation"
              viewBox="0 0 24 24"
            >
              <path
                d="M6 10c-1.1 0-2 .9-2 2s.9 2 2 2 2-.9 2-2-.9-2-2-2zm12 0c-1.1 0-2 .9-2 2s.9 2 2 2 2-.9 2-2-.9-2-2-2zm-6 0c-1.1 0-2 .9-2 2s.9 2 2 2 2-.9 2-2-.9-2-2-2z"
              />
            </svg>
          </button>
        </div>
      </div>
    </div>
  </div>
</div>
`;
