// Jest Snapshot v1, https://goo.gl/fbAQLP

exports[`<LogoutContainer/> component test suite matches snapshot 1`] = `null`;
