// Jest Snapshot v1, https://goo.gl/fbAQLP

exports[`<PersonalDetailsContainer/> test suite matches snapshot 1`] = `undefined`;
