// Jest Snapshot v1, https://goo.gl/fbAQLP

exports[`<LocationChanger /> test suite basic tests matches snapshot 1`] = `
<div
  className="locationChanger"
>
  <span
    className="locationChanger__bold"
  >
    <svg
      aria-hidden="true"
      className="MuiSvgIcon-root"
      focusable="false"
      role="presentation"
      viewBox="0 0 24 24"
    >
      <path
        d="M12 2C8.13 2 5 5.13 5 9c0 5.25 7 13 7 13s7-7.75 7-13c0-3.87-3.13-7-7-7zm0 9.5c-1.38 0-2.5-1.12-2.5-2.5s1.12-2.5 2.5-2.5 2.5 1.12 2.5 2.5-1.12 2.5-2.5 2.5z"
      />
    </svg>
     
  </span>
  <select
    className="locationChanger__selectStyle"
    onChange={[Function]}
  >
    <option
      value="123"
    >
      home
    </option>
    <option
      value="456123"
    >
      home2
    </option>
  </select>
</div>
`;
