// Jest Snapshot v1, https://goo.gl/fbAQLP

exports[`MessagingDisplay basic creation tests matches snapshot 1`] = `
<div
  className="messagingDisplay__errStyle"
>
  <svg
    aria-hidden="true"
    className="MuiSvgIcon-root"
    focusable="false"
    role="presentation"
    viewBox="0 0 24 24"
  >
    <path
      d="M12 2C6.48 2 2 6.48 2 12s4.48 10 10 10 10-4.48 10-10S17.52 2 12 2zm1 15h-2v-2h2v2zm0-4h-2V7h2v6z"
    />
  </svg>
   
  <p
    className="messagingDisplay_p"
  >
    hello world
  </p>
</div>
`;
