// Jest Snapshot v1, https://goo.gl/fbAQLP

exports[`<Title/> component test suite matches snapshot 1`] = `
<div>
  <h2
    className="title_h2 title__center"
  >
    My Test Title
  </h2>
</div>
`;
