// Jest Snapshot v1, https://goo.gl/fbAQLP

exports[`<FormFactory/> test suite matches snapshot 1`] = `null`;
